Release 14.7 - xst P.20131013 (nt64)
Copyright (c) 1995-2013 Xilinx, Inc.  All rights reserved.
--> Parameter TMPDIR set to xst/projnav.tmp


Total REAL time to Xst completion: 1.00 secs
Total CPU time to Xst completion: 0.15 secs
 
--> Parameter xsthdpdir set to xst


Total REAL time to Xst completion: 1.00 secs
Total CPU time to Xst completion: 0.15 secs
 
--> Reading design: encryption.prj

TABLE OF CONTENTS
  1) Synthesis Options Summary
  2) HDL Parsing
  3) HDL Elaboration
  4) HDL Synthesis
       4.1) HDL Synthesis Report
  5) Advanced HDL Synthesis
       5.1) Advanced HDL Synthesis Report
  6) Low Level Synthesis
  7) Partition Report
  8) Design Summary
       8.1) Primitive and Black Box Usage
       8.2) Device utilization summary
       8.3) Partition Resource Summary
       8.4) Timing Report
            8.4.1) Clock Information
            8.4.2) Asynchronous Control Signals Information
            8.4.3) Timing Summary
            8.4.4) Timing Details
            8.4.5) Cross Clock Domains Report


=========================================================================
*                      Synthesis Options Summary                        *
=========================================================================
---- Source Parameters
Input File Name                    : "encryption.prj"
Ignore Synthesis Constraint File   : NO

---- Target Parameters
Output File Name                   : "encryption"
Output Format                      : NGC
Target Device                      : xc6slx9-3-tqg144

---- Source Options
Top Module Name                    : encryption
Automatic FSM Extraction           : YES
FSM Encoding Algorithm             : Auto
Safe Implementation                : No
FSM Style                          : LUT
RAM Extraction                     : Yes
RAM Style                          : Auto
ROM Extraction                     : Yes
Shift Register Extraction          : YES
ROM Style                          : Auto
Resource Sharing                   : YES
Asynchronous To Synchronous        : NO
Shift Register Minimum Size        : 2
Use DSP Block                      : Auto
Automatic Register Balancing       : No

---- Target Options
LUT Combining                      : Auto
Reduce Control Sets                : Auto
Add IO Buffers                     : YES
Global Maximum Fanout              : 100000
Add Generic Clock Buffer(BUFG)     : 16
Register Duplication               : YES
Optimize Instantiated Primitives   : NO
Use Clock Enable                   : Auto
Use Synchronous Set                : Auto
Use Synchronous Reset              : Auto
Pack IO Registers into IOBs        : Auto
Equivalent register Removal        : YES

---- General Options
Optimization Goal                  : Speed
Optimization Effort                : 1
Power Reduction                    : NO
Keep Hierarchy                     : No
Netlist Hierarchy                  : As_Optimized
RTL Output                         : Yes
Global Optimization                : AllClockNets
Read Cores                         : YES
Write Timing Constraints           : NO
Cross Clock Analysis               : NO
Hierarchy Separator                : /
Bus Delimiter                      : <>
Case Specifier                     : Maintain
Slice Utilization Ratio            : 100
BRAM Utilization Ratio             : 100
DSP48 Utilization Ratio            : 100
Auto BRAM Packing                  : NO
Slice Utilization Ratio Delta      : 5

=========================================================================


=========================================================================
*                          HDL Parsing                                  *
=========================================================================
Analyzing Verilog file "C:\xilinxProjects\DES\generateSubkeys.v" into library work
Parsing module <generateSubkeys>.
Analyzing Verilog file "C:\xilinxProjects\DES\encryption.v" into library work
Parsing module <encryption>.

=========================================================================
*                            HDL Elaboration                            *
=========================================================================

Elaborating module <encryption>.
Reading initialization file \"permP.data\".
Reading initialization file \"permInitial.data\".
Reading initialization file \"permExpansion.data\".
Reading initialization file \"permFinal.data\".
WARNING:HDLCompiler:872 - "C:\xilinxProjects\DES\encryption.v" Line 42: Using initial value of permP since it is never assigned

Elaborating module <generateSubkeys>.
Reading initialization file \"perm1.data\".
Reading initialization file \"perm2.data\".
WARNING:HDLCompiler:872 - "C:\xilinxProjects\DES\generateSubkeys.v" Line 44: Using initial value of perm1 since it is never assigned
WARNING:HDLCompiler:413 - "C:\xilinxProjects\DES\generateSubkeys.v" Line 95: Result of 12-bit expression is truncated to fit in 11-bit target.
ERROR:HDLCompiler:1401 - "C:\xilinxProjects\DES\generateSubkeys.v" Line 66: Signal flag in unit generateSubkeys is connected to following multiple drivers:
Driver 0: output signal flag of instance Latch (flag).
Driver 1: output signal of instance Power (PWR_2_o_BUF_1461).
Module generateSubkeys remains a blackbox, due to errors in its contents
WARNING:HDLCompiler:1499 - "C:\xilinxProjects\DES\generateSubkeys.v" Line 21: Empty module <generateSubkeys> remains a black box.
WARNING:HDLCompiler:413 - "C:\xilinxProjects\DES\encryption.v" Line 783: Result of 39-bit expression is truncated to fit in 1-bit target.
ERROR:HDLCompiler:894 - "C:\xilinxProjects\DES\encryption.v" Line 783: Zero or negative value for size
ERROR:HDLCompiler:532 - "C:\xilinxProjects\DES\encryption.v" Line 783: Index <-1> is out of range [63:0] for signal <select on concatenation>.
INFO - You can change the severity of this error message to warning using switch -change_error_to_warning "HDLCompiler:532"
Module encryption remains a blackbox, due to errors in its contents
WARNING:HDLCompiler:1499 - "C:\xilinxProjects\DES\encryption.v" Line 21: Empty module <encryption> remains a black box.
--> 

Total memory usage is 204000 kilobytes

Number of errors   :    3 (   0 filtered)
Number of warnings :    6 (   0 filtered)
Number of infos    :    0 (   0 filtered)

